Component: ARM Compiler 5.06 update 6 (build 750) Tool: armlink [4d35ed]

==============================================================================

Section Cross References

    main.o(i.SystemClock_Config) refers to stm32f1xx_ll_utils.o(i.LL_Init1msTick) for LL_Init1msTick
    main.o(i.SystemClock_Config) refers to stm32f1xx_ll_utils.o(i.LL_SetSystemCoreClock) for LL_SetSystemCoreClock
    main.o(i.main) refers to main.o(i.SystemClock_Config) for SystemClock_Config
    main.o(i.main) refers to gpioconf.o(i.GPIOConfig) for GPIOConfig
    main.o(i.main) refers to codeurincr.o(i.initTimerCodeur) for initTimerCodeur
    main.o(i.main) refers to codeurincr.o(i.waitForGirouette) for waitForGirouette
    main.o(i.main) refers to servomoteur.o(i.initServoMoteur) for initServoMoteur
    main.o(i.main) refers to servomoteur.o(i.enableServoMoteur) for enableServoMoteur
    main.o(i.main) refers to readrf.o(i.initReadRF) for initReadRF
    main.o(i.main) refers to readrf.o(i.readRemote) for readRemote
    main.o(i.main) refers to servomoteur.o(i.setSailAngle) for setSailAngle
    stm32f1xx_ll_rcc.o(i.LL_RCC_DeInit) refers to stm32f1xx_ll_rcc.o(i.LL_RCC_PLL_IsReady) for LL_RCC_PLL_IsReady
    stm32f1xx_ll_rcc.o(i.LL_RCC_GetADCClockFreq) refers to main.o(i.assert_failed) for assert_failed
    stm32f1xx_ll_rcc.o(i.LL_RCC_GetADCClockFreq) refers to stm32f1xx_ll_rcc.o(i.RCC_GetSystemClockFreq) for RCC_GetSystemClockFreq
    stm32f1xx_ll_rcc.o(i.LL_RCC_GetADCClockFreq) refers to stm32f1xx_ll_rcc.o(i.RCC_GetHCLKClockFreq) for RCC_GetHCLKClockFreq
    stm32f1xx_ll_rcc.o(i.LL_RCC_GetADCClockFreq) refers to stm32f1xx_ll_rcc.o(i.RCC_GetPCLK2ClockFreq) for RCC_GetPCLK2ClockFreq
    stm32f1xx_ll_rcc.o(i.LL_RCC_GetSystemClocksFreq) refers to stm32f1xx_ll_rcc.o(i.RCC_GetSystemClockFreq) for RCC_GetSystemClockFreq
    stm32f1xx_ll_rcc.o(i.LL_RCC_GetSystemClocksFreq) refers to stm32f1xx_ll_rcc.o(i.RCC_GetHCLKClockFreq) for RCC_GetHCLKClockFreq
    stm32f1xx_ll_rcc.o(i.LL_RCC_GetSystemClocksFreq) refers to stm32f1xx_ll_rcc.o(i.RCC_GetPCLK1ClockFreq) for RCC_GetPCLK1ClockFreq
    stm32f1xx_ll_rcc.o(i.LL_RCC_GetSystemClocksFreq) refers to stm32f1xx_ll_rcc.o(i.RCC_GetPCLK2ClockFreq) for RCC_GetPCLK2ClockFreq
    stm32f1xx_ll_rcc.o(i.LL_RCC_GetUSBClockFreq) refers to main.o(i.assert_failed) for assert_failed
    stm32f1xx_ll_rcc.o(i.LL_RCC_GetUSBClockFreq) refers to stm32f1xx_ll_rcc.o(i.LL_RCC_PLL_IsReady) for LL_RCC_PLL_IsReady
    stm32f1xx_ll_rcc.o(i.LL_RCC_GetUSBClockFreq) refers to stm32f1xx_ll_rcc.o(i.RCC_PLL_GetFreqDomain_SYS) for RCC_PLL_GetFreqDomain_SYS
    stm32f1xx_ll_rcc.o(i.RCC_GetHCLKClockFreq) refers to system_stm32f1xx.o(.constdata) for AHBPrescTable
    stm32f1xx_ll_rcc.o(i.RCC_GetPCLK1ClockFreq) refers to system_stm32f1xx.o(.constdata) for APBPrescTable
    stm32f1xx_ll_rcc.o(i.RCC_GetPCLK2ClockFreq) refers to system_stm32f1xx.o(.constdata) for APBPrescTable
    stm32f1xx_ll_rcc.o(i.RCC_GetSystemClockFreq) refers to stm32f1xx_ll_rcc.o(i.RCC_PLL_GetFreqDomain_SYS) for RCC_PLL_GetFreqDomain_SYS
    stm32f1xx_ll_utils.o(i.LL_PLL_ConfigSystemClock_HSE) refers to main.o(i.assert_failed) for assert_failed
    stm32f1xx_ll_utils.o(i.LL_PLL_ConfigSystemClock_HSE) refers to stm32f1xx_ll_utils.o(i.UTILS_PLL_IsBusy) for UTILS_PLL_IsBusy
    stm32f1xx_ll_utils.o(i.LL_PLL_ConfigSystemClock_HSE) refers to stm32f1xx_ll_utils.o(i.UTILS_GetPLLOutputFrequency) for UTILS_GetPLLOutputFrequency
    stm32f1xx_ll_utils.o(i.LL_PLL_ConfigSystemClock_HSE) refers to stm32f1xx_ll_utils.o(i.LL_RCC_HSE_IsReady) for LL_RCC_HSE_IsReady
    stm32f1xx_ll_utils.o(i.LL_PLL_ConfigSystemClock_HSE) refers to stm32f1xx_ll_utils.o(i.LL_RCC_PLL_ConfigDomain_SYS) for LL_RCC_PLL_ConfigDomain_SYS
    stm32f1xx_ll_utils.o(i.LL_PLL_ConfigSystemClock_HSE) refers to stm32f1xx_ll_utils.o(i.UTILS_EnablePLLAndSwitchSystem) for UTILS_EnablePLLAndSwitchSystem
    stm32f1xx_ll_utils.o(i.LL_PLL_ConfigSystemClock_HSI) refers to stm32f1xx_ll_utils.o(i.UTILS_PLL_IsBusy) for UTILS_PLL_IsBusy
    stm32f1xx_ll_utils.o(i.LL_PLL_ConfigSystemClock_HSI) refers to stm32f1xx_ll_utils.o(i.UTILS_GetPLLOutputFrequency) for UTILS_GetPLLOutputFrequency
    stm32f1xx_ll_utils.o(i.LL_PLL_ConfigSystemClock_HSI) refers to stm32f1xx_ll_utils.o(i.LL_RCC_HSI_IsReady) for LL_RCC_HSI_IsReady
    stm32f1xx_ll_utils.o(i.LL_PLL_ConfigSystemClock_HSI) refers to stm32f1xx_ll_utils.o(i.LL_RCC_PLL_ConfigDomain_SYS) for LL_RCC_PLL_ConfigDomain_SYS
    stm32f1xx_ll_utils.o(i.LL_PLL_ConfigSystemClock_HSI) refers to stm32f1xx_ll_utils.o(i.UTILS_EnablePLLAndSwitchSystem) for UTILS_EnablePLLAndSwitchSystem
    stm32f1xx_ll_utils.o(i.LL_SetSystemCoreClock) refers to system_stm32f1xx.o(.data) for SystemCoreClock
    stm32f1xx_ll_utils.o(i.UTILS_EnablePLLAndSwitchSystem) refers to main.o(i.assert_failed) for assert_failed
    stm32f1xx_ll_utils.o(i.UTILS_EnablePLLAndSwitchSystem) refers to stm32f1xx_ll_utils.o(i.UTILS_SetFlashLatency) for UTILS_SetFlashLatency
    stm32f1xx_ll_utils.o(i.UTILS_EnablePLLAndSwitchSystem) refers to stm32f1xx_ll_utils.o(i.LL_RCC_PLL_IsReady) for LL_RCC_PLL_IsReady
    stm32f1xx_ll_utils.o(i.UTILS_EnablePLLAndSwitchSystem) refers to stm32f1xx_ll_utils.o(i.LL_SetSystemCoreClock) for LL_SetSystemCoreClock
    stm32f1xx_ll_utils.o(i.UTILS_EnablePLLAndSwitchSystem) refers to system_stm32f1xx.o(.constdata) for AHBPrescTable
    stm32f1xx_ll_utils.o(i.UTILS_EnablePLLAndSwitchSystem) refers to system_stm32f1xx.o(.data) for SystemCoreClock
    stm32f1xx_ll_utils.o(i.UTILS_GetPLLOutputFrequency) refers to main.o(i.assert_failed) for assert_failed
    stm32f1xx_ll_utils.o(i.UTILS_PLL_IsBusy) refers to stm32f1xx_ll_utils.o(i.LL_RCC_PLL_IsReady) for LL_RCC_PLL_IsReady
    stm32f1xx_ll_tim.o(i.IC1Config) refers to main.o(i.assert_failed) for assert_failed
    stm32f1xx_ll_tim.o(i.IC2Config) refers to main.o(i.assert_failed) for assert_failed
    stm32f1xx_ll_tim.o(i.IC3Config) refers to main.o(i.assert_failed) for assert_failed
    stm32f1xx_ll_tim.o(i.IC4Config) refers to main.o(i.assert_failed) for assert_failed
    stm32f1xx_ll_tim.o(i.LL_TIM_BDTR_Init) refers to main.o(i.assert_failed) for assert_failed
    stm32f1xx_ll_tim.o(i.LL_TIM_DeInit) refers to main.o(i.assert_failed) for assert_failed
    stm32f1xx_ll_tim.o(i.LL_TIM_DeInit) refers to stm32f1xx_ll_tim.o(i.LL_APB1_GRP1_ForceReset) for LL_APB1_GRP1_ForceReset
    stm32f1xx_ll_tim.o(i.LL_TIM_DeInit) refers to stm32f1xx_ll_tim.o(i.LL_APB1_GRP1_ReleaseReset) for LL_APB1_GRP1_ReleaseReset
    stm32f1xx_ll_tim.o(i.LL_TIM_ENCODER_Init) refers to main.o(i.assert_failed) for assert_failed
    stm32f1xx_ll_tim.o(i.LL_TIM_HALLSENSOR_Init) refers to main.o(i.assert_failed) for assert_failed
    stm32f1xx_ll_tim.o(i.LL_TIM_HALLSENSOR_Init) refers to stm32f1xx_ll_tim.o(i.LL_TIM_OC_SetCompareCH2) for LL_TIM_OC_SetCompareCH2
    stm32f1xx_ll_tim.o(i.LL_TIM_IC_Init) refers to stm32f1xx_ll_tim.o(i.IC1Config) for IC1Config
    stm32f1xx_ll_tim.o(i.LL_TIM_IC_Init) refers to stm32f1xx_ll_tim.o(i.IC2Config) for IC2Config
    stm32f1xx_ll_tim.o(i.LL_TIM_IC_Init) refers to stm32f1xx_ll_tim.o(i.IC3Config) for IC3Config
    stm32f1xx_ll_tim.o(i.LL_TIM_IC_Init) refers to stm32f1xx_ll_tim.o(i.IC4Config) for IC4Config
    stm32f1xx_ll_tim.o(i.LL_TIM_Init) refers to main.o(i.assert_failed) for assert_failed
    stm32f1xx_ll_tim.o(i.LL_TIM_OC_Init) refers to stm32f1xx_ll_tim.o(i.OC1Config) for OC1Config
    stm32f1xx_ll_tim.o(i.LL_TIM_OC_Init) refers to stm32f1xx_ll_tim.o(i.OC2Config) for OC2Config
    stm32f1xx_ll_tim.o(i.LL_TIM_OC_Init) refers to stm32f1xx_ll_tim.o(i.OC3Config) for OC3Config
    stm32f1xx_ll_tim.o(i.LL_TIM_OC_Init) refers to stm32f1xx_ll_tim.o(i.OC4Config) for OC4Config
    stm32f1xx_ll_tim.o(i.OC1Config) refers to main.o(i.assert_failed) for assert_failed
    stm32f1xx_ll_tim.o(i.OC2Config) refers to main.o(i.assert_failed) for assert_failed
    stm32f1xx_ll_tim.o(i.OC2Config) refers to stm32f1xx_ll_tim.o(i.LL_TIM_OC_SetCompareCH2) for LL_TIM_OC_SetCompareCH2
    stm32f1xx_ll_tim.o(i.OC3Config) refers to main.o(i.assert_failed) for assert_failed
    stm32f1xx_ll_tim.o(i.OC4Config) refers to main.o(i.assert_failed) for assert_failed
    stm32f1xx_ll_gpio.o(i.LL_GPIO_DeInit) refers to main.o(i.assert_failed) for assert_failed
    stm32f1xx_ll_gpio.o(i.LL_GPIO_DeInit) refers to stm32f1xx_ll_gpio.o(i.LL_APB2_GRP1_ForceReset) for LL_APB2_GRP1_ForceReset
    stm32f1xx_ll_gpio.o(i.LL_GPIO_DeInit) refers to stm32f1xx_ll_gpio.o(i.LL_APB2_GRP1_ReleaseReset) for LL_APB2_GRP1_ReleaseReset
    stm32f1xx_ll_gpio.o(i.LL_GPIO_Init) refers to main.o(i.assert_failed) for assert_failed
    stm32f1xx_ll_usart.o(i.LL_USART_ClockInit) refers to main.o(i.assert_failed) for assert_failed
    stm32f1xx_ll_usart.o(i.LL_USART_ClockInit) refers to stm32f1xx_ll_usart.o(i.LL_USART_IsEnabled) for LL_USART_IsEnabled
    stm32f1xx_ll_usart.o(i.LL_USART_DeInit) refers to main.o(i.assert_failed) for assert_failed
    stm32f1xx_ll_usart.o(i.LL_USART_DeInit) refers to stm32f1xx_ll_usart.o(i.LL_APB1_GRP1_ForceReset) for LL_APB1_GRP1_ForceReset
    stm32f1xx_ll_usart.o(i.LL_USART_DeInit) refers to stm32f1xx_ll_usart.o(i.LL_APB1_GRP1_ReleaseReset) for LL_APB1_GRP1_ReleaseReset
    stm32f1xx_ll_usart.o(i.LL_USART_Init) refers to main.o(i.assert_failed) for assert_failed
    stm32f1xx_ll_usart.o(i.LL_USART_Init) refers to stm32f1xx_ll_usart.o(i.LL_USART_IsEnabled) for LL_USART_IsEnabled
    stm32f1xx_ll_usart.o(i.LL_USART_Init) refers to stm32f1xx_ll_rcc.o(i.LL_RCC_GetSystemClocksFreq) for LL_RCC_GetSystemClocksFreq
    stm32f1xx_ll_usart.o(i.LL_USART_Init) refers to stm32f1xx_ll_usart.o(i.LL_USART_SetBaudRate) for LL_USART_SetBaudRate
    system_stm32f1xx.o(i.SystemCoreClockUpdate) refers to system_stm32f1xx.o(.data) for SystemCoreClock
    system_stm32f1xx.o(i.SystemCoreClockUpdate) refers to system_stm32f1xx.o(.constdata) for AHBPrescTable
    startup_stm32f103xb.o(RESET) refers to startup_stm32f103xb.o(STACK) for __initial_sp
    startup_stm32f103xb.o(RESET) refers to startup_stm32f103xb.o(.text) for Reset_Handler
    startup_stm32f103xb.o(.text) refers to system_stm32f1xx.o(i.SystemInit) for SystemInit
    startup_stm32f103xb.o(.text) refers to entry.o(.ARM.Collect$$$$00000000) for __main
    codeurincr.o(i.initTimerCodeur) refers to stm32f1xx_ll_tim.o(i.LL_TIM_Init) for LL_TIM_Init
    codeurincr.o(i.initTimerCodeur) refers to stm32f1xx_ll_tim.o(i.LL_TIM_ENCODER_Init) for LL_TIM_ENCODER_Init
    codeurincr.o(i.waitForGirouette) refers to codeurincr.o(.data) for RESETVALUE
    servomoteur.o(i.initServoMoteur) refers to stm32f1xx_ll_tim.o(i.LL_TIM_Init) for LL_TIM_Init
    servomoteur.o(i.initServoMoteur) refers to stm32f1xx_ll_tim.o(i.LL_TIM_OC_StructInit) for LL_TIM_OC_StructInit
    servomoteur.o(i.initServoMoteur) refers to stm32f1xx_ll_tim.o(i.LL_TIM_OC_Init) for LL_TIM_OC_Init
    servomoteur.o(i.setAngleFromGirouette) refers to servomoteur.o(i.setSailAngle) for setSailAngle
    servomoteur.o(i.setSailAngle) refers to fflti.o(.text) for __aeabi_i2f
    servomoteur.o(i.setSailAngle) refers to fmul.o(.text) for __aeabi_fmul
    servomoteur.o(i.setSailAngle) refers to fadd.o(.text) for __aeabi_fadd
    servomoteur.o(i.setSailAngle) refers to ffixi.o(.text) for __aeabi_f2iz
    readrf.o(i.initReadRF) refers to stm32f1xx_ll_tim.o(i.LL_TIM_Init) for LL_TIM_Init
    readrf.o(i.initReadRF) refers to stm32f1xx_ll_tim.o(i.LL_TIM_IC_Init) for LL_TIM_IC_Init
    readrf.o(i.readRemote) refers to dflti.o(.text) for __aeabi_i2d
    readrf.o(i.readRemote) refers to dmul.o(.text) for __aeabi_dmul
    readrf.o(i.readRemote) refers to dfltui.o(.text) for __aeabi_ui2d
    readrf.o(i.readRemote) refers to ddiv.o(.text) for __aeabi_ddiv
    readrf.o(i.readRemote) refers to d2f.o(.text) for __aeabi_d2f
    gpioconf.o(i.GPIOConfig) refers to stm32f1xx_ll_gpio.o(i.LL_GPIO_StructInit) for LL_GPIO_StructInit
    gpioconf.o(i.GPIOConfig) refers to stm32f1xx_ll_gpio.o(i.LL_GPIO_Init) for LL_GPIO_Init
    entry.o(.ARM.Collect$$$$00000000) refers (Special) to entry10a.o(.ARM.Collect$$$$0000000D) for __rt_final_cpp
    entry.o(.ARM.Collect$$$$00000000) refers (Special) to entry11a.o(.ARM.Collect$$$$0000000F) for __rt_final_exit
    entry.o(.ARM.Collect$$$$00000000) refers (Special) to entry7b.o(.ARM.Collect$$$$00000008) for _main_clock
    entry.o(.ARM.Collect$$$$00000000) refers (Special) to entry8b.o(.ARM.Collect$$$$0000000A) for _main_cpp_init
    entry.o(.ARM.Collect$$$$00000000) refers (Special) to entry9a.o(.ARM.Collect$$$$0000000B) for _main_init
    entry.o(.ARM.Collect$$$$00000000) refers (Special) to entry5.o(.ARM.Collect$$$$00000004) for _main_scatterload
    entry.o(.ARM.Collect$$$$00000000) refers (Special) to entry2.o(.ARM.Collect$$$$00000001) for _main_stk
    fadd.o(.text) refers (Special) to iusefp.o(.text) for __I$use$fp
    fadd.o(.text) refers to fepilogue.o(.text) for _float_epilogue
    fmul.o(.text) refers (Special) to iusefp.o(.text) for __I$use$fp
    dmul.o(.text) refers (Special) to iusefp.o(.text) for __I$use$fp
    dmul.o(.text) refers to depilogue.o(.text) for _double_epilogue
    ddiv.o(.text) refers (Special) to iusefp.o(.text) for __I$use$fp
    ddiv.o(.text) refers to depilogue.o(.text) for _double_round
    fflti.o(.text) refers (Special) to iusefp.o(.text) for __I$use$fp
    fflti.o(.text) refers to fepilogue.o(.text) for _float_epilogue
    dflti.o(.text) refers (Special) to iusefp.o(.text) for __I$use$fp
    dflti.o(.text) refers to depilogue.o(.text) for _double_epilogue
    dfltui.o(.text) refers (Special) to iusefp.o(.text) for __I$use$fp
    dfltui.o(.text) refers to depilogue.o(.text) for _double_epilogue
    ffixi.o(.text) refers (Special) to iusefp.o(.text) for __I$use$fp
    d2f.o(.text) refers (Special) to iusefp.o(.text) for __I$use$fp
    d2f.o(.text) refers to fepilogue.o(.text) for _float_round
    entry2.o(.ARM.Collect$$$$00000001) refers to entry2.o(.ARM.Collect$$$$00002712) for __lit__00000000
    entry2.o(.ARM.Collect$$$$00002712) refers to startup_stm32f103xb.o(STACK) for __initial_sp
    entry2.o(__vectab_stack_and_reset_area) refers to startup_stm32f103xb.o(STACK) for __initial_sp
    entry2.o(__vectab_stack_and_reset_area) refers to entry.o(.ARM.Collect$$$$00000000) for __main
    entry5.o(.ARM.Collect$$$$00000004) refers to init.o(.text) for __scatterload
    entry9a.o(.ARM.Collect$$$$0000000B) refers to main.o(i.main) for main
    entry9b.o(.ARM.Collect$$$$0000000C) refers to main.o(i.main) for main
    depilogue.o(.text) refers to llshl.o(.text) for __aeabi_llsl
    depilogue.o(.text) refers to llushr.o(.text) for __aeabi_llsr
    init.o(.text) refers to entry5.o(.ARM.Collect$$$$00000004) for __main_after_scatterload


==============================================================================

Removing Unused input sections from the image.

    Removing main.o(.rev16_text), (4 bytes).
    Removing main.o(.revsh_text), (4 bytes).
    Removing main.o(.rrx_text), (6 bytes).
    Removing main.o(.constdata), (35 bytes).
    Removing main.o(.data), (4 bytes).
    Removing stm32f1xx_ll_rcc.o(.rev16_text), (4 bytes).
    Removing stm32f1xx_ll_rcc.o(.revsh_text), (4 bytes).
    Removing stm32f1xx_ll_rcc.o(.rrx_text), (6 bytes).
    Removing stm32f1xx_ll_rcc.o(i.LL_RCC_DeInit), (152 bytes).
    Removing stm32f1xx_ll_rcc.o(i.LL_RCC_GetADCClockFreq), (124 bytes).
    Removing stm32f1xx_ll_rcc.o(i.LL_RCC_GetSystemClocksFreq), (36 bytes).
    Removing stm32f1xx_ll_rcc.o(i.LL_RCC_GetUSBClockFreq), (120 bytes).
    Removing stm32f1xx_ll_rcc.o(i.LL_RCC_PLL_IsReady), (16 bytes).
    Removing stm32f1xx_ll_rcc.o(i.RCC_GetHCLKClockFreq), (32 bytes).
    Removing stm32f1xx_ll_rcc.o(i.RCC_GetPCLK1ClockFreq), (36 bytes).
    Removing stm32f1xx_ll_rcc.o(i.RCC_GetPCLK2ClockFreq), (36 bytes).
    Removing stm32f1xx_ll_rcc.o(i.RCC_GetSystemClockFreq), (60 bytes).
    Removing stm32f1xx_ll_rcc.o(i.RCC_PLL_GetFreqDomain_SYS), (88 bytes).
    Removing stm32f1xx_ll_utils.o(.rev16_text), (4 bytes).
    Removing stm32f1xx_ll_utils.o(.revsh_text), (4 bytes).
    Removing stm32f1xx_ll_utils.o(.rrx_text), (6 bytes).
    Removing stm32f1xx_ll_utils.o(i.LL_PLL_ConfigSystemClock_HSE), (260 bytes).
    Removing stm32f1xx_ll_utils.o(i.LL_PLL_ConfigSystemClock_HSI), (104 bytes).
    Removing stm32f1xx_ll_utils.o(i.LL_RCC_HSE_IsReady), (16 bytes).
    Removing stm32f1xx_ll_utils.o(i.LL_RCC_HSI_IsReady), (16 bytes).
    Removing stm32f1xx_ll_utils.o(i.LL_RCC_PLL_ConfigDomain_SYS), (28 bytes).
    Removing stm32f1xx_ll_utils.o(i.LL_RCC_PLL_IsReady), (16 bytes).
    Removing stm32f1xx_ll_utils.o(i.LL_mDelay), (40 bytes).
    Removing stm32f1xx_ll_utils.o(i.UTILS_EnablePLLAndSwitchSystem), (416 bytes).
    Removing stm32f1xx_ll_utils.o(i.UTILS_GetPLLOutputFrequency), (228 bytes).
    Removing stm32f1xx_ll_utils.o(i.UTILS_PLL_IsBusy), (16 bytes).
    Removing stm32f1xx_ll_utils.o(i.UTILS_SetFlashLatency), (80 bytes).
    Removing stm32f1xx_ll_tim.o(.rev16_text), (4 bytes).
    Removing stm32f1xx_ll_tim.o(.revsh_text), (4 bytes).
    Removing stm32f1xx_ll_tim.o(.rrx_text), (6 bytes).
    Removing stm32f1xx_ll_tim.o(i.LL_APB1_GRP1_ForceReset), (16 bytes).
    Removing stm32f1xx_ll_tim.o(i.LL_APB1_GRP1_ReleaseReset), (16 bytes).
    Removing stm32f1xx_ll_tim.o(i.LL_TIM_BDTR_Init), (312 bytes).
    Removing stm32f1xx_ll_tim.o(i.LL_TIM_BDTR_StructInit), (18 bytes).
    Removing stm32f1xx_ll_tim.o(i.LL_TIM_DeInit), (192 bytes).
    Removing stm32f1xx_ll_tim.o(i.LL_TIM_ENCODER_StructInit), (36 bytes).
    Removing stm32f1xx_ll_tim.o(i.LL_TIM_HALLSENSOR_Init), (396 bytes).
    Removing stm32f1xx_ll_tim.o(i.LL_TIM_HALLSENSOR_StructInit), (12 bytes).
    Removing stm32f1xx_ll_tim.o(i.LL_TIM_IC_StructInit), (18 bytes).
    Removing stm32f1xx_ll_tim.o(i.LL_TIM_StructInit), (18 bytes).
    Removing stm32f1xx_ll_tim.o(.constdata), (35 bytes).
    Removing stm32f1xx_ll_gpio.o(.rev16_text), (4 bytes).
    Removing stm32f1xx_ll_gpio.o(.revsh_text), (4 bytes).
    Removing stm32f1xx_ll_gpio.o(.rrx_text), (6 bytes).
    Removing stm32f1xx_ll_gpio.o(i.LL_APB2_GRP1_ForceReset), (16 bytes).
    Removing stm32f1xx_ll_gpio.o(i.LL_APB2_GRP1_ReleaseReset), (16 bytes).
    Removing stm32f1xx_ll_gpio.o(i.LL_GPIO_DeInit), (212 bytes).
    Removing stm32f1xx_ll_usart.o(.rev16_text), (4 bytes).
    Removing stm32f1xx_ll_usart.o(.revsh_text), (4 bytes).
    Removing stm32f1xx_ll_usart.o(.rrx_text), (6 bytes).
    Removing stm32f1xx_ll_usart.o(i.LL_APB1_GRP1_ForceReset), (16 bytes).
    Removing stm32f1xx_ll_usart.o(i.LL_APB1_GRP1_ReleaseReset), (16 bytes).
    Removing stm32f1xx_ll_usart.o(i.LL_USART_ClockInit), (276 bytes).
    Removing stm32f1xx_ll_usart.o(i.LL_USART_ClockStructInit), (12 bytes).
    Removing stm32f1xx_ll_usart.o(i.LL_USART_DeInit), (180 bytes).
    Removing stm32f1xx_ll_usart.o(i.LL_USART_Init), (432 bytes).
    Removing stm32f1xx_ll_usart.o(i.LL_USART_IsEnabled), (10 bytes).
    Removing stm32f1xx_ll_usart.o(i.LL_USART_SetBaudRate), (158 bytes).
    Removing stm32f1xx_ll_usart.o(i.LL_USART_StructInit), (24 bytes).
    Removing system_stm32f1xx.o(.rev16_text), (4 bytes).
    Removing system_stm32f1xx.o(.revsh_text), (4 bytes).
    Removing system_stm32f1xx.o(.rrx_text), (6 bytes).
    Removing system_stm32f1xx.o(i.SystemCoreClockUpdate), (164 bytes).
    Removing system_stm32f1xx.o(.constdata), (24 bytes).
    Removing startup_stm32f103xb.o(HEAP), (512 bytes).
    Removing codeurincr.o(.rev16_text), (4 bytes).
    Removing codeurincr.o(.revsh_text), (4 bytes).
    Removing codeurincr.o(.rrx_text), (6 bytes).
    Removing codeurincr.o(i.getAngleGirouette), (16 bytes).
    Removing codeurincr.o(.constdata), (35 bytes).
    Removing servomoteur.o(.rev16_text), (4 bytes).
    Removing servomoteur.o(.revsh_text), (4 bytes).
    Removing servomoteur.o(.rrx_text), (6 bytes).
    Removing servomoteur.o(i.disableServoMoteur), (24 bytes).
    Removing servomoteur.o(i.setAngleFromGirouette), (88 bytes).
    Removing servomoteur.o(.constdata), (35 bytes).
    Removing readrf.o(.rev16_text), (4 bytes).
    Removing readrf.o(.revsh_text), (4 bytes).
    Removing readrf.o(.rrx_text), (6 bytes).
    Removing readrf.o(.constdata), (35 bytes).
    Removing gpioconf.o(.rev16_text), (4 bytes).
    Removing gpioconf.o(.revsh_text), (4 bytes).
    Removing gpioconf.o(.rrx_text), (6 bytes).

88 unused section(s) (total 5483 bytes) removed from the image.

==============================================================================

Image Symbol Table

    Local Symbols

    Symbol Name                              Value     Ov Type        Size  Object(Section)

    ../Src/main.c                            0x00000000   Number         0  main.o ABSOLUTE
    ../Src/system_stm32f1xx.c                0x00000000   Number         0  system_stm32f1xx.o ABSOLUTE
    ../clib/microlib/init/entry.s            0x00000000   Number         0  entry9b.o ABSOLUTE
    ../clib/microlib/init/entry.s            0x00000000   Number         0  entry7a.o ABSOLUTE
    ../clib/microlib/init/entry.s            0x00000000   Number         0  entry11b.o ABSOLUTE
    ../clib/microlib/init/entry.s            0x00000000   Number         0  entry7b.o ABSOLUTE
    ../clib/microlib/init/entry.s            0x00000000   Number         0  entry8a.o ABSOLUTE
    ../clib/microlib/init/entry.s            0x00000000   Number         0  entry11a.o ABSOLUTE
    ../clib/microlib/init/entry.s            0x00000000   Number         0  entry10b.o ABSOLUTE
    ../clib/microlib/init/entry.s            0x00000000   Number         0  entry8b.o ABSOLUTE
    ../clib/microlib/init/entry.s            0x00000000   Number         0  entry9a.o ABSOLUTE
    ../clib/microlib/init/entry.s            0x00000000   Number         0  entry.o ABSOLUTE
    ../clib/microlib/init/entry.s            0x00000000   Number         0  entry10a.o ABSOLUTE
    ../clib/microlib/init/entry.s            0x00000000   Number         0  entry5.o ABSOLUTE
    ../clib/microlib/init/entry.s            0x00000000   Number         0  entry2.o ABSOLUTE
    ../clib/microlib/longlong.c              0x00000000   Number         0  llushr.o ABSOLUTE
    ../clib/microlib/longlong.c              0x00000000   Number         0  llshl.o ABSOLUTE
    ../clib/microlib/stubs.s                 0x00000000   Number         0  iusefp.o ABSOLUTE
    ../fplib/microlib/d2f.c                  0x00000000   Number         0  d2f.o ABSOLUTE
    ../fplib/microlib/fpadd.c                0x00000000   Number         0  fadd.o ABSOLUTE
    ../fplib/microlib/fpdiv.c                0x00000000   Number         0  ddiv.o ABSOLUTE
    ../fplib/microlib/fpepilogue.c           0x00000000   Number         0  depilogue.o ABSOLUTE
    ../fplib/microlib/fpepilogue.c           0x00000000   Number         0  fepilogue.o ABSOLUTE
    ../fplib/microlib/fpfix.c                0x00000000   Number         0  ffixi.o ABSOLUTE
    ../fplib/microlib/fpflt.c                0x00000000   Number         0  dflti.o ABSOLUTE
    ../fplib/microlib/fpflt.c                0x00000000   Number         0  dfltui.o ABSOLUTE
    ../fplib/microlib/fpflt.c                0x00000000   Number         0  fflti.o ABSOLUTE
    ../fplib/microlib/fpmul.c                0x00000000   Number         0  fmul.o ABSOLUTE
    ../fplib/microlib/fpmul.c                0x00000000   Number         0  dmul.o ABSOLUTE
    ..\LLDrivers\src\stm32f1xx_ll_gpio.c     0x00000000   Number         0  stm32f1xx_ll_gpio.o ABSOLUTE
    ..\LLDrivers\src\stm32f1xx_ll_rcc.c      0x00000000   Number         0  stm32f1xx_ll_rcc.o ABSOLUTE
    ..\LLDrivers\src\stm32f1xx_ll_tim.c      0x00000000   Number         0  stm32f1xx_ll_tim.o ABSOLUTE
    ..\LLDrivers\src\stm32f1xx_ll_usart.c    0x00000000   Number         0  stm32f1xx_ll_usart.o ABSOLUTE
    ..\LLDrivers\src\stm32f1xx_ll_utils.c    0x00000000   Number         0  stm32f1xx_ll_utils.o ABSOLUTE
    ..\MyDrivers\codeurIncr.c                0x00000000   Number         0  codeurincr.o ABSOLUTE
    ..\MyDrivers\readRF.c                    0x00000000   Number         0  readrf.o ABSOLUTE
    ..\MyDrivers\servoMoteur.c               0x00000000   Number         0  servomoteur.o ABSOLUTE
    ..\PeriphServices\GPIOConf.c             0x00000000   Number         0  gpioconf.o ABSOLUTE
    ..\Src\main.c                            0x00000000   Number         0  main.o ABSOLUTE
    ..\Src\system_stm32f1xx.c                0x00000000   Number         0  system_stm32f1xx.o ABSOLUTE
    ..\\LLDrivers\\src\\stm32f1xx_ll_gpio.c  0x00000000   Number         0  stm32f1xx_ll_gpio.o ABSOLUTE
    ..\\LLDrivers\\src\\stm32f1xx_ll_rcc.c   0x00000000   Number         0  stm32f1xx_ll_rcc.o ABSOLUTE
    ..\\LLDrivers\\src\\stm32f1xx_ll_tim.c   0x00000000   Number         0  stm32f1xx_ll_tim.o ABSOLUTE
    ..\\LLDrivers\\src\\stm32f1xx_ll_usart.c 0x00000000   Number         0  stm32f1xx_ll_usart.o ABSOLUTE
    ..\\LLDrivers\\src\\stm32f1xx_ll_utils.c 0x00000000   Number         0  stm32f1xx_ll_utils.o ABSOLUTE
    ..\\MyDrivers\\codeurIncr.c              0x00000000   Number         0  codeurincr.o ABSOLUTE
    ..\\MyDrivers\\readRF.c                  0x00000000   Number         0  readrf.o ABSOLUTE
    ..\\MyDrivers\\servoMoteur.c             0x00000000   Number         0  servomoteur.o ABSOLUTE
    ..\\PeriphServices\\GPIOConf.c           0x00000000   Number         0  gpioconf.o ABSOLUTE
    dc.s                                     0x00000000   Number         0  dc.o ABSOLUTE
    handlers.s                               0x00000000   Number         0  handlers.o ABSOLUTE
    init.s                                   0x00000000   Number         0  init.o ABSOLUTE
    startup_stm32f103xb.s                    0x00000000   Number         0  startup_stm32f103xb.o ABSOLUTE
    RESET                                    0x08000000   Section      236  startup_stm32f103xb.o(RESET)
    .ARM.Collect$$$$00000000                 0x080000ec   Section        0  entry.o(.ARM.Collect$$$$00000000)
    .ARM.Collect$$$$00000001                 0x080000ec   Section        4  entry2.o(.ARM.Collect$$$$00000001)
    .ARM.Collect$$$$00000004                 0x080000f0   Section        4  entry5.o(.ARM.Collect$$$$00000004)
    .ARM.Collect$$$$00000008                 0x080000f4   Section        0  entry7b.o(.ARM.Collect$$$$00000008)
    .ARM.Collect$$$$0000000A                 0x080000f4   Section        0  entry8b.o(.ARM.Collect$$$$0000000A)
    .ARM.Collect$$$$0000000B                 0x080000f4   Section        8  entry9a.o(.ARM.Collect$$$$0000000B)
    .ARM.Collect$$$$0000000D                 0x080000fc   Section        0  entry10a.o(.ARM.Collect$$$$0000000D)
    .ARM.Collect$$$$0000000F                 0x080000fc   Section        0  entry11a.o(.ARM.Collect$$$$0000000F)
    .ARM.Collect$$$$00002712                 0x080000fc   Section        4  entry2.o(.ARM.Collect$$$$00002712)
    __lit__00000000                          0x080000fc   Data           4  entry2.o(.ARM.Collect$$$$00002712)
    .text                                    0x08000100   Section       36  startup_stm32f103xb.o(.text)
    .text                                    0x08000124   Section        0  fadd.o(.text)
    .text                                    0x080001d4   Section        0  fmul.o(.text)
    .text                                    0x08000238   Section        0  dmul.o(.text)
    .text                                    0x0800031c   Section        0  ddiv.o(.text)
    .text                                    0x080003fa   Section        0  fflti.o(.text)
    .text                                    0x0800040c   Section        0  dflti.o(.text)
    .text                                    0x0800042e   Section        0  dfltui.o(.text)
    .text                                    0x08000448   Section        0  ffixi.o(.text)
    .text                                    0x0800047a   Section        0  d2f.o(.text)
    .text                                    0x080004b2   Section        0  fepilogue.o(.text)
    .text                                    0x080004b2   Section        0  iusefp.o(.text)
    .text                                    0x08000520   Section        0  depilogue.o(.text)
    .text                                    0x080005dc   Section       36  init.o(.text)
    .text                                    0x08000600   Section        0  llshl.o(.text)
    .text                                    0x0800061e   Section        0  llushr.o(.text)
    i.GPIOConfig                             0x08000640   Section        0  gpioconf.o(i.GPIOConfig)
    i.IC1Config                              0x08000690   Section        0  stm32f1xx_ll_tim.o(i.IC1Config)
    IC1Config                                0x08000691   Thumb Code   326  stm32f1xx_ll_tim.o(i.IC1Config)
    i.IC2Config                              0x08000808   Section        0  stm32f1xx_ll_tim.o(i.IC2Config)
    IC2Config                                0x08000809   Thumb Code   328  stm32f1xx_ll_tim.o(i.IC2Config)
    i.IC3Config                              0x08000980   Section        0  stm32f1xx_ll_tim.o(i.IC3Config)
    IC3Config                                0x08000981   Thumb Code   330  stm32f1xx_ll_tim.o(i.IC3Config)
    i.IC4Config                              0x08000afc   Section        0  stm32f1xx_ll_tim.o(i.IC4Config)
    IC4Config                                0x08000afd   Thumb Code   330  stm32f1xx_ll_tim.o(i.IC4Config)
    i.LL_GPIO_Init                           0x08000c78   Section        0  stm32f1xx_ll_gpio.o(i.LL_GPIO_Init)
    i.LL_GPIO_StructInit                     0x08000e70   Section        0  stm32f1xx_ll_gpio.o(i.LL_GPIO_StructInit)
    i.LL_Init1msTick                         0x08000e88   Section        0  stm32f1xx_ll_utils.o(i.LL_Init1msTick)
    i.LL_SetSystemCoreClock                  0x08000ea4   Section        0  stm32f1xx_ll_utils.o(i.LL_SetSystemCoreClock)
    i.LL_TIM_ENCODER_Init                    0x08000eb0   Section        0  stm32f1xx_ll_tim.o(i.LL_TIM_ENCODER_Init)
    i.LL_TIM_IC_Init                         0x08001160   Section        0  stm32f1xx_ll_tim.o(i.LL_TIM_IC_Init)
    i.LL_TIM_Init                            0x080011bc   Section        0  stm32f1xx_ll_tim.o(i.LL_TIM_Init)
    i.LL_TIM_OC_Init                         0x080012d0   Section        0  stm32f1xx_ll_tim.o(i.LL_TIM_OC_Init)
    i.LL_TIM_OC_SetCompareCH2                0x0800132c   Section        0  stm32f1xx_ll_tim.o(i.LL_TIM_OC_SetCompareCH2)
    LL_TIM_OC_SetCompareCH2                  0x0800132d   Thumb Code     4  stm32f1xx_ll_tim.o(i.LL_TIM_OC_SetCompareCH2)
    i.LL_TIM_OC_StructInit                   0x08001330   Section        0  stm32f1xx_ll_tim.o(i.LL_TIM_OC_StructInit)
    i.OC1Config                              0x08001344   Section        0  stm32f1xx_ll_tim.o(i.OC1Config)
    OC1Config                                0x08001345   Thumb Code   354  stm32f1xx_ll_tim.o(i.OC1Config)
    i.OC2Config                              0x080014d8   Section        0  stm32f1xx_ll_tim.o(i.OC2Config)
    OC2Config                                0x080014d9   Thumb Code   356  stm32f1xx_ll_tim.o(i.OC2Config)
    i.OC3Config                              0x0800166c   Section        0  stm32f1xx_ll_tim.o(i.OC3Config)
    OC3Config                                0x0800166d   Thumb Code   354  stm32f1xx_ll_tim.o(i.OC3Config)
    i.OC4Config                              0x08001800   Section        0  stm32f1xx_ll_tim.o(i.OC4Config)
    OC4Config                                0x08001801   Thumb Code   324  stm32f1xx_ll_tim.o(i.OC4Config)
    i.SystemClock_Config                     0x08001974   Section        0  main.o(i.SystemClock_Config)
    i.SystemInit                             0x08001a54   Section        0  system_stm32f1xx.o(i.SystemInit)
    i.__scatterload_copy                     0x08001aac   Section       14  handlers.o(i.__scatterload_copy)
    i.__scatterload_null                     0x08001aba   Section        2  handlers.o(i.__scatterload_null)
    i.__scatterload_zeroinit                 0x08001abc   Section       14  handlers.o(i.__scatterload_zeroinit)
    i.assert_failed                          0x08001aca   Section        0  main.o(i.assert_failed)
    i.enableServoMoteur                      0x08001ad0   Section        0  servomoteur.o(i.enableServoMoteur)
    i.initReadRF                             0x08001ae8   Section        0  readrf.o(i.initReadRF)
    i.initServoMoteur                        0x08001bd4   Section        0  servomoteur.o(i.initServoMoteur)
    i.initTimerCodeur                        0x08001c4c   Section        0  codeurincr.o(i.initTimerCodeur)
    i.main                                   0x08001cb0   Section        0  main.o(i.main)
    i.readRemote                             0x08001ce0   Section        0  readrf.o(i.readRemote)
    i.setSailAngle                           0x08001d2c   Section        0  servomoteur.o(i.setSailAngle)
    i.waitForGirouette                       0x08001d6c   Section        0  codeurincr.o(i.waitForGirouette)
    .data                                    0x20000000   Section        4  system_stm32f1xx.o(.data)
    .data                                    0x20000004   Section        4  codeurincr.o(.data)
    RESETVALUE                               0x20000004   Data           4  codeurincr.o(.data)
    STACK                                    0x20000008   Section     1024  startup_stm32f103xb.o(STACK)

    Global Symbols

    Symbol Name                              Value     Ov Type        Size  Object(Section)

    BuildAttributes$$THM_ISAv4$P$D$K$B$S$PE$A:L22UL41UL21$X:L11$S22US41US21$IEEE1$IW$USESV6$~STKCKD$USESV7$~SHL$OTIME$ROPI$EBA8$MICROLIB$REQ8$PRES8$EABIv2 0x00000000   Number         0  anon$$obj.o ABSOLUTE
    __ARM_use_no_argv                        0x00000000   Number         0  main.o ABSOLUTE
    __cpp_initialize__aeabi_                  - Undefined Weak Reference
    __cxa_finalize                            - Undefined Weak Reference
    __decompress                              - Undefined Weak Reference
    _clock_init                               - Undefined Weak Reference
    _microlib_exit                            - Undefined Weak Reference
    __Vectors_Size                           0x000000ec   Number         0  startup_stm32f103xb.o ABSOLUTE
    __Vectors                                0x08000000   Data           4  startup_stm32f103xb.o(RESET)
    __Vectors_End                            0x080000ec   Data           0  startup_stm32f103xb.o(RESET)
    __main                                   0x080000ed   Thumb Code     0  entry.o(.ARM.Collect$$$$00000000)
    _main_stk                                0x080000ed   Thumb Code     0  entry2.o(.ARM.Collect$$$$00000001)
    _main_scatterload                        0x080000f1   Thumb Code     0  entry5.o(.ARM.Collect$$$$00000004)
    __main_after_scatterload                 0x080000f5   Thumb Code     0  entry5.o(.ARM.Collect$$$$00000004)
    _main_clock                              0x080000f5   Thumb Code     0  entry7b.o(.ARM.Collect$$$$00000008)
    _main_cpp_init                           0x080000f5   Thumb Code     0  entry8b.o(.ARM.Collect$$$$0000000A)
    _main_init                               0x080000f5   Thumb Code     0  entry9a.o(.ARM.Collect$$$$0000000B)
    __rt_final_cpp                           0x080000fd   Thumb Code     0  entry10a.o(.ARM.Collect$$$$0000000D)
    __rt_final_exit                          0x080000fd   Thumb Code     0  entry11a.o(.ARM.Collect$$$$0000000F)
    Reset_Handler                            0x08000101   Thumb Code     8  startup_stm32f103xb.o(.text)
    NMI_Handler                              0x08000109   Thumb Code     2  startup_stm32f103xb.o(.text)
    HardFault_Handler                        0x0800010b   Thumb Code     2  startup_stm32f103xb.o(.text)
    MemManage_Handler                        0x0800010d   Thumb Code     2  startup_stm32f103xb.o(.text)
    BusFault_Handler                         0x0800010f   Thumb Code     2  startup_stm32f103xb.o(.text)
    UsageFault_Handler                       0x08000111   Thumb Code     2  startup_stm32f103xb.o(.text)
    SVC_Handler                              0x08000113   Thumb Code     2  startup_stm32f103xb.o(.text)
    DebugMon_Handler                         0x08000115   Thumb Code     2  startup_stm32f103xb.o(.text)
    PendSV_Handler                           0x08000117   Thumb Code     2  startup_stm32f103xb.o(.text)
    SysTick_Handler                          0x08000119   Thumb Code     2  startup_stm32f103xb.o(.text)
    ADC1_2_IRQHandler                        0x0800011b   Thumb Code     0  startup_stm32f103xb.o(.text)
    CAN1_RX1_IRQHandler                      0x0800011b   Thumb Code     0  startup_stm32f103xb.o(.text)
    CAN1_SCE_IRQHandler                      0x0800011b   Thumb Code     0  startup_stm32f103xb.o(.text)
    DMA1_Channel1_IRQHandler                 0x0800011b   Thumb Code     0  startup_stm32f103xb.o(.text)
    DMA1_Channel2_IRQHandler                 0x0800011b   Thumb Code     0  startup_stm32f103xb.o(.text)
    DMA1_Channel3_IRQHandler                 0x0800011b   Thumb Code     0  startup_stm32f103xb.o(.text)
    DMA1_Channel4_IRQHandler                 0x0800011b   Thumb Code     0  startup_stm32f103xb.o(.text)
    DMA1_Channel5_IRQHandler                 0x0800011b   Thumb Code     0  startup_stm32f103xb.o(.text)
    DMA1_Channel6_IRQHandler                 0x0800011b   Thumb Code     0  startup_stm32f103xb.o(.text)
    DMA1_Channel7_IRQHandler                 0x0800011b   Thumb Code     0  startup_stm32f103xb.o(.text)
    EXTI0_IRQHandler                         0x0800011b   Thumb Code     0  startup_stm32f103xb.o(.text)
    EXTI15_10_IRQHandler                     0x0800011b   Thumb Code     0  startup_stm32f103xb.o(.text)
    EXTI1_IRQHandler                         0x0800011b   Thumb Code     0  startup_stm32f103xb.o(.text)
    EXTI2_IRQHandler                         0x0800011b   Thumb Code     0  startup_stm32f103xb.o(.text)
    EXTI3_IRQHandler                         0x0800011b   Thumb Code     0  startup_stm32f103xb.o(.text)
    EXTI4_IRQHandler                         0x0800011b   Thumb Code     0  startup_stm32f103xb.o(.text)
    EXTI9_5_IRQHandler                       0x0800011b   Thumb Code     0  startup_stm32f103xb.o(.text)
    FLASH_IRQHandler                         0x0800011b   Thumb Code     0  startup_stm32f103xb.o(.text)
    I2C1_ER_IRQHandler                       0x0800011b   Thumb Code     0  startup_stm32f103xb.o(.text)
    I2C1_EV_IRQHandler                       0x0800011b   Thumb Code     0  startup_stm32f103xb.o(.text)
    I2C2_ER_IRQHandler                       0x0800011b   Thumb Code     0  startup_stm32f103xb.o(.text)
    I2C2_EV_IRQHandler                       0x0800011b   Thumb Code     0  startup_stm32f103xb.o(.text)
    PVD_IRQHandler                           0x0800011b   Thumb Code     0  startup_stm32f103xb.o(.text)
    RCC_IRQHandler                           0x0800011b   Thumb Code     0  startup_stm32f103xb.o(.text)
    RTC_Alarm_IRQHandler                     0x0800011b   Thumb Code     0  startup_stm32f103xb.o(.text)
    RTC_IRQHandler                           0x0800011b   Thumb Code     0  startup_stm32f103xb.o(.text)
    SPI1_IRQHandler                          0x0800011b   Thumb Code     0  startup_stm32f103xb.o(.text)
    SPI2_IRQHandler                          0x0800011b   Thumb Code     0  startup_stm32f103xb.o(.text)
    TAMPER_IRQHandler                        0x0800011b   Thumb Code     0  startup_stm32f103xb.o(.text)
    TIM1_BRK_IRQHandler                      0x0800011b   Thumb Code     0  startup_stm32f103xb.o(.text)
    TIM1_CC_IRQHandler                       0x0800011b   Thumb Code     0  startup_stm32f103xb.o(.text)
    TIM1_TRG_COM_IRQHandler                  0x0800011b   Thumb Code     0  startup_stm32f103xb.o(.text)
    TIM1_UP_IRQHandler                       0x0800011b   Thumb Code     0  startup_stm32f103xb.o(.text)
    TIM2_IRQHandler                          0x0800011b   Thumb Code     0  startup_stm32f103xb.o(.text)
    TIM3_IRQHandler                          0x0800011b   Thumb Code     0  startup_stm32f103xb.o(.text)
    TIM4_IRQHandler                          0x0800011b   Thumb Code     0  startup_stm32f103xb.o(.text)
    USART1_IRQHandler                        0x0800011b   Thumb Code     0  startup_stm32f103xb.o(.text)
    USART2_IRQHandler                        0x0800011b   Thumb Code     0  startup_stm32f103xb.o(.text)
    USART3_IRQHandler                        0x0800011b   Thumb Code     0  startup_stm32f103xb.o(.text)
    USBWakeUp_IRQHandler                     0x0800011b   Thumb Code     0  startup_stm32f103xb.o(.text)
    USB_HP_CAN1_TX_IRQHandler                0x0800011b   Thumb Code     0  startup_stm32f103xb.o(.text)
    USB_LP_CAN1_RX0_IRQHandler               0x0800011b   Thumb Code     0  startup_stm32f103xb.o(.text)
    WWDG_IRQHandler                          0x0800011b   Thumb Code     0  startup_stm32f103xb.o(.text)
    __aeabi_fadd                             0x08000125   Thumb Code   164  fadd.o(.text)
    __aeabi_fsub                             0x080001c9   Thumb Code     6  fadd.o(.text)
    __aeabi_frsub                            0x080001cf   Thumb Code     6  fadd.o(.text)
    __aeabi_fmul                             0x080001d5   Thumb Code   100  fmul.o(.text)
    __aeabi_dmul                             0x08000239   Thumb Code   228  dmul.o(.text)
    __aeabi_ddiv                             0x0800031d   Thumb Code   222  ddiv.o(.text)
    __aeabi_i2f                              0x080003fb   Thumb Code    18  fflti.o(.text)
    __aeabi_i2d                              0x0800040d   Thumb Code    34  dflti.o(.text)
    __aeabi_ui2d                             0x0800042f   Thumb Code    26  dfltui.o(.text)
    __aeabi_f2iz                             0x08000449   Thumb Code    50  ffixi.o(.text)
    __aeabi_d2f                              0x0800047b   Thumb Code    56  d2f.o(.text)
    __I$use$fp                               0x080004b3   Thumb Code     0  iusefp.o(.text)
    _float_round                             0x080004b3   Thumb Code    18  fepilogue.o(.text)
    _float_epilogue                          0x080004c5   Thumb Code    92  fepilogue.o(.text)
    _double_round                            0x08000521   Thumb Code    30  depilogue.o(.text)
    _double_epilogue                         0x0800053f   Thumb Code   156  depilogue.o(.text)
    __scatterload                            0x080005dd   Thumb Code    28  init.o(.text)
    __scatterload_rt2                        0x080005dd   Thumb Code     0  init.o(.text)
    __aeabi_llsl                             0x08000601   Thumb Code    30  llshl.o(.text)
    _ll_shift_l                              0x08000601   Thumb Code     0  llshl.o(.text)
    __aeabi_llsr                             0x0800061f   Thumb Code    32  llushr.o(.text)
    _ll_ushift_r                             0x0800061f   Thumb Code     0  llushr.o(.text)
    GPIOConfig                               0x08000641   Thumb Code    66  gpioconf.o(i.GPIOConfig)
    LL_GPIO_Init                             0x08000c79   Thumb Code   442  stm32f1xx_ll_gpio.o(i.LL_GPIO_Init)
    LL_GPIO_StructInit                       0x08000e71   Thumb Code    24  stm32f1xx_ll_gpio.o(i.LL_GPIO_StructInit)
    LL_Init1msTick                           0x08000e89   Thumb Code    28  stm32f1xx_ll_utils.o(i.LL_Init1msTick)
    LL_SetSystemCoreClock                    0x08000ea5   Thumb Code     6  stm32f1xx_ll_utils.o(i.LL_SetSystemCoreClock)
    LL_TIM_ENCODER_Init                      0x08000eb1   Thumb Code   640  stm32f1xx_ll_tim.o(i.LL_TIM_ENCODER_Init)
    LL_TIM_IC_Init                           0x08001161   Thumb Code    92  stm32f1xx_ll_tim.o(i.LL_TIM_IC_Init)
    LL_TIM_Init                              0x080011bd   Thumb Code   228  stm32f1xx_ll_tim.o(i.LL_TIM_Init)
    LL_TIM_OC_Init                           0x080012d1   Thumb Code    92  stm32f1xx_ll_tim.o(i.LL_TIM_OC_Init)
    LL_TIM_OC_StructInit                     0x08001331   Thumb Code    20  stm32f1xx_ll_tim.o(i.LL_TIM_OC_StructInit)
    SystemClock_Config                       0x08001975   Thumb Code   212  main.o(i.SystemClock_Config)
    SystemInit                               0x08001a55   Thumb Code    70  system_stm32f1xx.o(i.SystemInit)
    __scatterload_copy                       0x08001aad   Thumb Code    14  handlers.o(i.__scatterload_copy)
    __scatterload_null                       0x08001abb   Thumb Code     2  handlers.o(i.__scatterload_null)
    __scatterload_zeroinit                   0x08001abd   Thumb Code    14  handlers.o(i.__scatterload_zeroinit)
    assert_failed                            0x08001acb   Thumb Code     4  main.o(i.assert_failed)
    enableServoMoteur                        0x08001ad1   Thumb Code    18  servomoteur.o(i.enableServoMoteur)
    initReadRF                               0x08001ae9   Thumb Code   228  readrf.o(i.initReadRF)
    initServoMoteur                          0x08001bd5   Thumb Code   112  servomoteur.o(i.initServoMoteur)
    initTimerCodeur                          0x08001c4d   Thumb Code    90  codeurincr.o(i.initTimerCodeur)
    main                                     0x08001cb1   Thumb Code    46  main.o(i.main)
    readRemote                               0x08001ce1   Thumb Code    68  readrf.o(i.readRemote)
    setSailAngle                             0x08001d2d   Thumb Code    52  servomoteur.o(i.setSailAngle)
    waitForGirouette                         0x08001d6d   Thumb Code    44  codeurincr.o(i.waitForGirouette)
    Region$$Table$$Base                      0x08001da4   Number         0  anon$$obj.o(Region$$Table)
    Region$$Table$$Limit                     0x08001dc4   Number         0  anon$$obj.o(Region$$Table)
    SystemCoreClock                          0x20000000   Data           4  system_stm32f1xx.o(.data)
    __initial_sp                             0x20000408   Data           0  startup_stm32f103xb.o(STACK)



==============================================================================

Memory Map of the image

  Image Entry point : 0x080000ed

  Load Region LR_IROM1 (Base: 0x08000000, Size: 0x00001dcc, Max: 0x00020000, ABSOLUTE)

    Execution Region ER_IROM1 (Exec base: 0x08000000, Load base: 0x08000000, Size: 0x00001dc4, Max: 0x00020000, ABSOLUTE)

    Exec Addr    Load Addr    Size         Type   Attr      Idx    E Section Name        Object

    0x08000000   0x08000000   0x000000ec   Data   RO          600    RESET               startup_stm32f103xb.o
    0x080000ec   0x080000ec   0x00000000   Code   RO          774  * .ARM.Collect$$$$00000000  mc_w.l(entry.o)
    0x080000ec   0x080000ec   0x00000004   Code   RO          795    .ARM.Collect$$$$00000001  mc_w.l(entry2.o)
    0x080000f0   0x080000f0   0x00000004   Code   RO          798    .ARM.Collect$$$$00000004  mc_w.l(entry5.o)
    0x080000f4   0x080000f4   0x00000000   Code   RO          800    .ARM.Collect$$$$00000008  mc_w.l(entry7b.o)
    0x080000f4   0x080000f4   0x00000000   Code   RO          802    .ARM.Collect$$$$0000000A  mc_w.l(entry8b.o)
    0x080000f4   0x080000f4   0x00000008   Code   RO          803    .ARM.Collect$$$$0000000B  mc_w.l(entry9a.o)
    0x080000fc   0x080000fc   0x00000000   Code   RO          805    .ARM.Collect$$$$0000000D  mc_w.l(entry10a.o)
    0x080000fc   0x080000fc   0x00000000   Code   RO          807    .ARM.Collect$$$$0000000F  mc_w.l(entry11a.o)
    0x080000fc   0x080000fc   0x00000004   Code   RO          796    .ARM.Collect$$$$00002712  mc_w.l(entry2.o)
    0x08000100   0x08000100   0x00000024   Code   RO          601    .text               startup_stm32f103xb.o
    0x08000124   0x08000124   0x000000b0   Code   RO          777    .text               mf_w.l(fadd.o)
    0x080001d4   0x080001d4   0x00000064   Code   RO          779    .text               mf_w.l(fmul.o)
    0x08000238   0x08000238   0x000000e4   Code   RO          781    .text               mf_w.l(dmul.o)
    0x0800031c   0x0800031c   0x000000de   Code   RO          783    .text               mf_w.l(ddiv.o)
    0x080003fa   0x080003fa   0x00000012   Code   RO          785    .text               mf_w.l(fflti.o)
    0x0800040c   0x0800040c   0x00000022   Code   RO          787    .text               mf_w.l(dflti.o)
    0x0800042e   0x0800042e   0x0000001a   Code   RO          789    .text               mf_w.l(dfltui.o)
    0x08000448   0x08000448   0x00000032   Code   RO          791    .text               mf_w.l(ffixi.o)
    0x0800047a   0x0800047a   0x00000038   Code   RO          793    .text               mf_w.l(d2f.o)
    0x080004b2   0x080004b2   0x00000000   Code   RO          809    .text               mc_w.l(iusefp.o)
    0x080004b2   0x080004b2   0x0000006e   Code   RO          810    .text               mf_w.l(fepilogue.o)
    0x08000520   0x08000520   0x000000ba   Code   RO          812    .text               mf_w.l(depilogue.o)
    0x080005da   0x080005da   0x00000002   PAD
    0x080005dc   0x080005dc   0x00000024   Code   RO          814    .text               mc_w.l(init.o)
    0x08000600   0x08000600   0x0000001e   Code   RO          816    .text               mc_w.l(llshl.o)
    0x0800061e   0x0800061e   0x00000020   Code   RO          818    .text               mc_w.l(llushr.o)
    0x0800063e   0x0800063e   0x00000002   PAD
    0x08000640   0x08000640   0x00000050   Code   RO          750    i.GPIOConfig        gpioconf.o
    0x08000690   0x08000690   0x00000178   Code   RO          279    i.IC1Config         stm32f1xx_ll_tim.o
    0x08000808   0x08000808   0x00000178   Code   RO          280    i.IC2Config         stm32f1xx_ll_tim.o
    0x08000980   0x08000980   0x0000017c   Code   RO          281    i.IC3Config         stm32f1xx_ll_tim.o
    0x08000afc   0x08000afc   0x0000017c   Code   RO          282    i.IC4Config         stm32f1xx_ll_tim.o
    0x08000c78   0x08000c78   0x000001f8   Code   RO          441    i.LL_GPIO_Init      stm32f1xx_ll_gpio.o
    0x08000e70   0x08000e70   0x00000018   Code   RO          442    i.LL_GPIO_StructInit  stm32f1xx_ll_gpio.o
    0x08000e88   0x08000e88   0x0000001c   Code   RO          182    i.LL_Init1msTick    stm32f1xx_ll_utils.o
    0x08000ea4   0x08000ea4   0x0000000c   Code   RO          189    i.LL_SetSystemCoreClock  stm32f1xx_ll_utils.o
    0x08000eb0   0x08000eb0   0x000002b0   Code   RO          288    i.LL_TIM_ENCODER_Init  stm32f1xx_ll_tim.o
    0x08001160   0x08001160   0x0000005c   Code   RO          292    i.LL_TIM_IC_Init    stm32f1xx_ll_tim.o
    0x080011bc   0x080011bc   0x00000114   Code   RO          294    i.LL_TIM_Init       stm32f1xx_ll_tim.o
    0x080012d0   0x080012d0   0x0000005c   Code   RO          295    i.LL_TIM_OC_Init    stm32f1xx_ll_tim.o
    0x0800132c   0x0800132c   0x00000004   Code   RO          296    i.LL_TIM_OC_SetCompareCH2  stm32f1xx_ll_tim.o
    0x08001330   0x08001330   0x00000014   Code   RO          297    i.LL_TIM_OC_StructInit  stm32f1xx_ll_tim.o
    0x08001344   0x08001344   0x00000194   Code   RO          299    i.OC1Config         stm32f1xx_ll_tim.o
    0x080014d8   0x080014d8   0x00000194   Code   RO          300    i.OC2Config         stm32f1xx_ll_tim.o
    0x0800166c   0x0800166c   0x00000194   Code   RO          301    i.OC3Config         stm32f1xx_ll_tim.o
    0x08001800   0x08001800   0x00000174   Code   RO          302    i.OC4Config         stm32f1xx_ll_tim.o
    0x08001974   0x08001974   0x000000e0   Code   RO            4    i.SystemClock_Config  main.o
    0x08001a54   0x08001a54   0x00000058   Code   RO          565    i.SystemInit        system_stm32f1xx.o
    0x08001aac   0x08001aac   0x0000000e   Code   RO          822    i.__scatterload_copy  mc_w.l(handlers.o)
    0x08001aba   0x08001aba   0x00000002   Code   RO          823    i.__scatterload_null  mc_w.l(handlers.o)
    0x08001abc   0x08001abc   0x0000000e   Code   RO          824    i.__scatterload_zeroinit  mc_w.l(handlers.o)
    0x08001aca   0x08001aca   0x00000004   Code   RO            5    i.assert_failed     main.o
    0x08001ace   0x08001ace   0x00000002   PAD
    0x08001ad0   0x08001ad0   0x00000018   Code   RO          654    i.enableServoMoteur  servomoteur.o
    0x08001ae8   0x08001ae8   0x000000ec   Code   RO          709    i.initReadRF        readrf.o
    0x08001bd4   0x08001bd4   0x00000078   Code   RO          655    i.initServoMoteur   servomoteur.o
    0x08001c4c   0x08001c4c   0x00000064   Code   RO          609    i.initTimerCodeur   codeurincr.o
    0x08001cb0   0x08001cb0   0x0000002e   Code   RO            6    i.main              main.o
    0x08001cde   0x08001cde   0x00000002   PAD
    0x08001ce0   0x08001ce0   0x0000004c   Code   RO          710    i.readRemote        readrf.o
    0x08001d2c   0x08001d2c   0x00000040   Code   RO          657    i.setSailAngle      servomoteur.o
    0x08001d6c   0x08001d6c   0x00000038   Code   RO          610    i.waitForGirouette  codeurincr.o
    0x08001da4   0x08001da4   0x00000020   Data   RO          820    Region$$Table       anon$$obj.o


    Execution Region RW_IRAM1 (Exec base: 0x20000000, Load base: 0x08001dc4, Size: 0x00000408, Max: 0x00005000, ABSOLUTE)

    Exec Addr    Load Addr    Size         Type   Attr      Idx    E Section Name        Object

    0x20000000   0x08001dc4   0x00000004   Data   RW          567    .data               system_stm32f1xx.o
    0x20000004   0x08001dc8   0x00000004   Data   RW          612    .data               codeurincr.o
    0x20000008        -       0x00000400   Zero   RW          598    STACK               startup_stm32f103xb.o


==============================================================================

Image component sizes


      Code (inc. data)   RO Data    RW Data    ZI Data      Debug   Object Name

       156         22          0          4          0      33329   codeurincr.o
        80         14          0          0          0       8381   gpioconf.o
       274         12          0          0          0     356256   main.o
       312         16          0          0          0      27982   readrf.o
       208         26          0          0          0      28365   servomoteur.o
        36          8        236          0       1024        764   startup_stm32f103xb.o
       528         62          0          0          0      10872   stm32f1xx_ll_gpio.o
      4268        490          0          0          0      38745   stm32f1xx_ll_tim.o
        40          6          0          0          0       2045   stm32f1xx_ll_utils.o
        88         18          0          4          0       1119   system_stm32f1xx.o

    ----------------------------------------------------------------------
      5994        674        268          8       1024     507858   Object Totals
         0          0         32          0          0          0   (incl. Generated)
         4          0          0          0          0          0   (incl. Padding)

    ----------------------------------------------------------------------

      Code (inc. data)   RO Data    RW Data    ZI Data      Debug   Library Member Name

         0          0          0          0          0          0   entry.o
         0          0          0          0          0          0   entry10a.o
         0          0          0          0          0          0   entry11a.o
         8          4          0          0          0          0   entry2.o
         4          0          0          0          0          0   entry5.o
         0          0          0          0          0          0   entry7b.o
         0          0          0          0          0          0   entry8b.o
         8          4          0          0          0          0   entry9a.o
        30          0          0          0          0          0   handlers.o
        36          8          0          0          0         68   init.o
         0          0          0          0          0          0   iusefp.o
        30          0          0          0          0         68   llshl.o
        32          0          0          0          0         68   llushr.o
        56          0          0          0          0         88   d2f.o
       222          0          0          0          0        100   ddiv.o
       186          0          0          0          0        176   depilogue.o
        34          0          0          0          0         76   dflti.o
        26          0          0          0          0         76   dfltui.o
       228          0          0          0          0         96   dmul.o
       176          0          0          0          0        140   fadd.o
       110          0          0          0          0        168   fepilogue.o
        50          0          0          0          0         68   ffixi.o
        18          0          0          0          0         68   fflti.o
       100          0          0          0          0         76   fmul.o

    ----------------------------------------------------------------------
      1358         16          0          0          0       1336   Library Totals
         4          0          0          0          0          0   (incl. Padding)

    ----------------------------------------------------------------------

      Code (inc. data)   RO Data    RW Data    ZI Data      Debug   Library Name

       148         16          0          0          0        204   mc_w.l
      1206          0          0          0          0       1132   mf_w.l

    ----------------------------------------------------------------------
      1358         16          0          0          0       1336   Library Totals

    ----------------------------------------------------------------------

==============================================================================


      Code (inc. data)   RO Data    RW Data    ZI Data      Debug   

      7352        690        268          8       1024     507318   Grand Totals
      7352        690        268          8       1024     507318   ELF Image Totals
      7352        690        268          8          0          0   ROM Totals

==============================================================================

    Total RO  Size (Code + RO Data)                 7620 (   7.44kB)
    Total RW  Size (RW Data + ZI Data)              1032 (   1.01kB)
    Total ROM Size (Code + RO Data + RW Data)       7628 (   7.45kB)

==============================================================================

